../Core/Src/main.c:62:6:ledTest1	8	static
../Core/Src/main.c:65:6:ledTest2	8	static
../Core/Src/main.c:68:6:ledTest3	8	static
../Core/Src/main.c:77:5:main	8	static
../Core/Src/main.c:131:6:SystemClock_Config	72	static
../Core/Src/main.c:168:13:MX_TIM2_Init	32	static
../Core/Src/main.c:213:13:MX_USART2_UART_Init	8	static
../Core/Src/main.c:246:13:MX_GPIO_Init	32	static
../Core/Src/main.c:266:6:HAL_TIM_PeriodElapsedCallback	16	static
../Core/Src/main.c:276:6:Error_Handler	4	static,ignoring_inline_asm
