22:14:06 **** Incremental Build of configuration Debug for project scheduler ****
make -j8 all 
arm-none-eabi-gcc "../Core/Src/main.c" -mcpu=cortex-m3 -std=gnu11 -g3 -DDEBUG -DUSE_HAL_DRIVER -DSTM32F103x6 -c -I../Core/Inc -I../Drivers/STM32F1xx_HAL_Driver/Inc/Legacy -I../Drivers/STM32F1xx_HAL_Driver/Inc -I../Drivers/CMSIS/Device/ST/STM32F1xx/Include -I../Drivers/CMSIS/Include -O0 -ffunction-sections -fdata-sections -Wall -fstack-usage -MMD -MP -MF"Core/Src/main.d" -MT"Core/Src/main.o" --specs=nano.specs -mfloat-abi=soft -mthumb -o "Core/Src/main.o"
arm-none-eabi-gcc "../Core/Src/scheduler.c" -mcpu=cortex-m3 -std=gnu11 -g3 -DDEBUG -DUSE_HAL_DRIVER -DSTM32F103x6 -c -I../Core/Inc -I../Drivers/STM32F1xx_HAL_Driver/Inc/Legacy -I../Drivers/STM32F1xx_HAL_Driver/Inc -I../Drivers/CMSIS/Device/ST/STM32F1xx/Include -I../Drivers/CMSIS/Include -O0 -ffunction-sections -fdata-sections -Wall -fstack-usage -MMD -MP -MF"Core/Src/scheduler.d" -MT"Core/Src/scheduler.o" --specs=nano.specs -mfloat-abi=soft -mthumb -o "Core/Src/scheduler.o"
arm-none-eabi-gcc -o "scheduler.elf" @"objects.list"   -mcpu=cortex-m3 -T"E:\KHOI\DATA\MonhocBK\221\Vixulividieukhien\STMcode\learning\scheduler\STM32F103C6TX_FLASH.ld" --specs=nosys.specs -Wl,-Map="scheduler.map" -Wl,--gc-sections -static --specs=nano.specs -mfloat-abi=soft -mthumb -Wl,--start-group -lc -lm -Wl,--end-group
Finished building target: scheduler.elf
 
arm-none-eabi-size   scheduler.elf 
arm-none-eabi-objdump -h -S  scheduler.elf  > "scheduler.list"
arm-none-eabi-objcopy  -O ihex  scheduler.elf  "scheduler.hex"
   text	   data	    bss	    dec	    hex	filename
   9044	     20	   2524	  11588	   2d44	scheduler.elf
Finished building: default.size.stdout
 
Finished building: scheduler.hex
 
Finished building: scheduler.list
 

22:14:06 Build Finished. 0 errors, 0 warnings. (took 663ms)

